
> pinball-trainer@0.0.1 test:run
> vitest run --config config/vite.config.js


[1m[46m RUN [49m[22m [36mv4.0.15 [39m[90mC:/code/Pinball/PinballAccuracyMemoryTrainer[39m
      [2m[32mAPI started at http://127.0.0.1:8888/[39m[22m

 [32mΓ£ô[39m tests/vitest/features/utils.test.jsx [2m([22m[2m17 tests[22m[2m)[22m[32m 12[2mms[22m[39m
 [32mΓ£ô[39m tests/vitest/security/secure-storage.test.js [2m([22m[2m15 tests[22m[2m)[22m[33m 345[2mms[22m[39m
       [33m[2mΓ£ô[22m[39m should reject data exceeding size limit [33m 304[2mms[22m[39m
node.exe : Not implemented: HTMLCanvasElement's getContext() method: without installing the 
canvas npm package
At line:1 char:1
+ & "C:\Program Files\nodejs/node.exe" "C:\Users\gary.brown\AppData\Roa ...
+ ~~~~~~~~~~~~~~~~~~~~~~~~~~~~~~~~~~~~~~~~~~~~~~~~~~~~~~~~~~~~~~~~~~~~~
    + CategoryInfo          : NotSpecified: (Not implemented...vas npm package:String) [], Rem 
   oteException
    + FullyQualifiedErrorId : NativeCommandError
 
 [32mΓ£ô[39m tests/vitest/features/ui-controls.test.jsx [2m([22m[2m4 tests[22m[2m)[22m[33m 3512[2mms[22m[39m
       [33m[2mΓ£ô[22m[39m should toggle dark mode [33m 1379[2mms[22m[39m
       [33m[2mΓ£ô[22m[39m should open and close info modal [33m 951[2mms[22m[39m
       [33m[2mΓ£ô[22m[39m should show GitHub link in info modal [33m 596[2mms[22m[39m
       [33m[2mΓ£ô[22m[39m should add a shot with + Add shot button [33m 579[2mms[22m[39m
 [32mΓ£ô[39m tests/vitest/a11y/accessibility.test.jsx [2m([22m[2m7 tests[22m[2m)[22m[33m 3574[2mms[22m[39m
     [33m[2mΓ£ô[22m[39m should not have any accessibility violations in main app [33m 2032[2mms[22m[39m
     [33m[2mΓ£ô[22m[39m should have sufficient color contrast in light mode [33m 1177[2mms[22m[39m
 [32mΓ£ô[39m tests/vitest/features/setup.test.jsx [2m([22m[2m3 tests[22m[2m)[22m[33m 4537[2mms[22m[39m
     [33m[2mΓ£ô[22m[39m should navigate to setup page, clear shots, and confirm shots are empty [33m 2483[2mms[22m[39m
     [33m[2mΓ£ô[22m[39m should show no shots when first loaded with empty state [33m 422[2mms[22m[39m
     [33m[2mΓ£ô[22m[39m should maintain cleared state after clearing shots [33m 1627[2mms[22m[39m
 [32mΓ£ô[39m tests/vitest/features/shot-management.test.jsx [2m([22m[2m9 tests[22m[2m)[22m[33m 6127[2mms[22m[39m
       [33m[2mΓ£ô[22m[39m should load example shots [33m 1393[2mms[22m[39m
       [33m[2mΓ£ô[22m[39m should open count selector when adding shots [33m 635[2mms[22m[39m
       [33m[2mΓ£ô[22m[39m should add multiple shots when selecting count [33m 1543[2mms[22m[39m
       [33m[2mΓ£ô[22m[39m should show setup button as active on setup page [33m 372[2mms[22m[39m
       [33m[2mΓ£ô[22m[39m should disable practice and recall buttons without shots [33m 405[2mms[22m[39m
       [33m[2mΓ£ô[22m[39m should open advanced options dialog [33m 410[2mms[22m[39m
       [33m[2mΓ£ô[22m[39m should show shot type selection buttons [33m 989[2mms[22m[39m
 [32mΓ£ô[39m tests/vitest/features/recall-mode.test.jsx [2m([22m[2m6 tests[22m[2m)[22m[33m 9720[2mms[22m[39m
     [33m[2mΓ£ô[22m[39m should enter recall mode from setup [33m 3547[2mms[22m[39m
     [33m[2mΓ£ô[22m[39m should show recall mode UI elements [33m 1478[2mms[22m[39m
     [33m[2mΓ£ô[22m[39m should navigate back to setup from recall mode [33m 1441[2mms[22m[39m
     [33m[2mΓ£ô[22m[39m should show recall metrics [33m 1042[2mms[22m[39m
     [33m[2mΓ£ô[22m[39m should handle dark mode toggle in recall mode [33m 1043[2mms[22m[39m
     [33m[2mΓ£ô[22m[39m should complete full cycle: setup ΓåÆ recall ΓåÆ back to setup [33m 1164[2mms[22m[39m
 [32mΓ£ô[39m tests/vitest/integration/app-workflow.test.jsx [2m([22m[2m11 tests[22m[2m)[22m[33m 10650[2mms[22m[39m
     [33m[2mΓ£ô[22m[39m should complete a full workflow: load examples, edit shots, navigate to practice, and interact [33m 2752[2mms[22m[39m
     [33m[2mΓ£ô[22m[39m should add multiple shots and verify they appear in the table [33m 1653[2mms[22m[39m
     [33m[2mΓ£ô[22m[39m should interact with shots in the table [33m 1957[2mms[22m[39m
     [33m[2mΓ£ô[22m[39m should toggle dark mode and verify theme changes [33m 790[2mms[22m[39m
     [33m[2mΓ£ô[22m[39m should open and close the info modal [33m 507[2mms[22m[39m
     [33m[2mΓ£ô[22m[39m should clear all shots when clear button is clicked [33m 831[2mms[22m[39m
     [33m[2mΓ£ô[22m[39m should navigate between setup, practice, and recall modes [33m 1056[2mms[22m[39m
     [33m[2mΓ£ô[22m[39m should handle rapid clicking without crashing [33m 555[2mms[22m[39m
 [32mΓ£ô[39m tests/vitest/features/practice-mode.test.jsx [2m([22m[2m14 tests[22m[2m)[22m[33m 19754[2mms[22m[39m
     [33m[2mΓ£ô[22m[39m should enter practice mode and show practice UI [33m 3512[2mms[22m[39m
     [33m[2mΓ£ô[22m[39m should toggle between manual and random mode in practice [33m 1960[2mms[22m[39m
     [33m[2mΓ£ô[22m[39m should select different shots in manual mode [33m 1593[2mms[22m[39m
     [33m[2mΓ£ô[22m[39m should switch between left and right flippers in manual mode [33m 1285[2mms[22m[39m
     [33m[2mΓ£ô[22m[39m should handle playfield clicks in practice mode to submit guesses [33m 1437[2mms[22m[39m
     [33m[2mΓ£ô[22m[39m should toggle seeded random mode checkbox [33m 1109[2mms[22m[39m
     [33m[2mΓ£ô[22m[39m should toggle feedback panel visibility [33m 871[2mms[22m[39m
     [33m[2mΓ£ô[22m[39m should toggle attempt history visibility [33m 892[2mms[22m[39m
     [33m[2mΓ£ô[22m[39m should use random shot button in random mode [33m 1125[2mms[22m[39m
     [33m[2mΓ£ô[22m[39m should navigate back to setup from practice mode [33m 1033[2mms[22m[39m
     [33m[2mΓ£ô[22m[39m should complete multiple practice attempts and show statistics [33m 1320[2mms[22m[39m
     [33m[2mΓ£ô[22m[39m should handle metrics display in practice mode [33m 965[2mms[22m[39m
     [33m[2mΓ£ô[22m[39m should toggle all checkboxes in practice mode [33m 1345[2mms[22m[39m
     [33m[2mΓ£ô[22m[39m should switch modes and make attempts in both manual and random [33m 1302[2mms[22m[39m
 [32mΓ£ô[39m tests/vitest/integration/advanced-features.test.jsx [2m([22m[2m18 tests[22m[2m)[22m[33m 22302[2mms[22m[39m
       [33m[2mΓ£ô[22m[39m should handle JSON download/export attempt [33m 2612[2mms[22m[39m
       [33m[2mΓ£ô[22m[39m should open preset selector [33m 429[2mms[22m[39m
       [33m[2mΓ£ô[22m[39m should toggle fullscreen mode in practice [33m 3055[2mms[22m[39m
       [33m[2mΓ£ô[22m[39m should show recall attempt details and adjust penalties [33m 1111[2mms[22m[39m
       [33m[2mΓ£ô[22m[39m should toggle recall history visibility [33m 902[2mms[22m[39m
       [33m[2mΓ£ô[22m[39m should open and interact with advanced options dialog [33m 1045[2mms[22m[39m
       [33m[2mΓ£ô[22m[39m should toggle all practice checkboxes comprehensively [33m 2314[2mms[22m[39m
       [33m[2mΓ£ô[22m[39m should edit shots through playfield canvas interactions [33m 630[2mms[22m[39m
       [33m[2mΓ£ô[22m[39m should handle shot reordering by dragging [33m 417[2mms[22m[39m
       [33m[2mΓ£ô[22m[39m should cycle through flipper selections [33m 1317[2mms[22m[39m
       [33m[2mΓ£ô[22m[39m should handle escape key to close dialogs [33m 673[2mms[22m[39m
       [33m[2mΓ£ô[22m[39m should handle tab navigation through inputs [33m 587[2mms[22m[39m
       [33m[2mΓ£ô[22m[39m should switch theme multiple times and render all modes [33m 2329[2mms[22m[39m
       [33m[2mΓ£ô[22m[39m should generate many random shots to exercise RNG [33m 2329[2mms[22m[39m
       [33m[2mΓ£ô[22m[39m should show and update statistics after practice attempts [33m 2228[2mms[22m[39m
 [32mΓ£ô[39m tests/vitest/integration/full-coverage.test.jsx [2m([22m[2m23 tests[22m[2m)[22m[33m 29082[2mms[22m[39m
       [33m[2mΓ£ô[22m[39m should render sections in both light and dark mode [33m 1063[2mms[22m[39m
       [33m[2mΓ£ô[22m[39m should render active and inactive chips [33m 2472[2mms[22m[39m
       [33m[2mΓ£ô[22m[39m should render disabled chips in random mode [33m 1811[2mms[22m[39m
       [33m[2mΓ£ô[22m[39m should handle number input changes [33m 1577[2mms[22m[39m
       [33m[2mΓ£ô[22m[39m should render playfield editor with all elements [33m 530[2mms[22m[39m
       [33m[2mΓ£ô[22m[39m should handle advanced options button [33m 1077[2mms[22m[39m
       [33m[2mΓ£ô[22m[39m should render flipper scenery [33m 404[2mms[22m[39m
       [33m[2mΓ£ô[22m[39m should render thumbnail images [33m 646[2mms[22m[39m
       [33m[2mΓ£ô[22m[39m should handle click on thumbnail [33m 882[2mms[22m[39m
       [33m[2mΓ£ô[22m[39m should render practice playfield with shot boxes [33m 639[2mms[22m[39m
       [33m[2mΓ£ô[22m[39m should handle onScale callback [33m 1660[2mms[22m[39m
     [33m[2mΓ£ô[22m[39m should enforce ordering constraints when adjusting sliders [33m 1329[2mms[22m[39m
     [33m[2mΓ£ô[22m[39m should handle Not Possible toggle affecting constraints [33m 1103[2mms[22m[39m
     [33m[2mΓ£ô[22m[39m should apply drift after multiple attempts [33m 3167[2mms[22m[39m
     [33m[2mΓ£ô[22m[39m should handle seeded random mode consistently [33m 1830[2mms[22m[39m
     [33m[2mΓ£ô[22m[39m should show toasts for various actions [33m 1634[2mms[22m[39m
     [33m[2mΓ£ô[22m[39m should complete full recall workflow [33m 1529[2mms[22m[39m
     [33m[2mΓ£ô[22m[39m should navigate between recall and setup [33m 771[2mms[22m[39m
     [33m[2mΓ£ô[22m[39m should toggle all view options and show table [33m 1760[2mms[22m[39m
     [33m[2mΓ£ô[22m[39m should show attempt history after making attempts [33m 1892[2mms[22m[39m
     [33m[2mΓ£ô[22m[39m should complete full element type selection [33m 483[2mms[22m[39m
     [33m[2mΓ£ô[22m[39m should handle canvas resize through window resize [33m 483[2mms[22m[39m
     [33m[2mΓ£ô[22m[39m should handle image load and error events [33m 335[2mms[22m[39m
 [32mΓ£ô[39m tests/vitest/integration/deep-coverage.test.jsx [2m([22m[2m24 tests[22m[2m)[22m[33m 30982[2mms[22m[39m
       [33m[2mΓ£ô[22m[39m should delete shot from playfield shot box [33m 1991[2mms[22m[39m
       [33m[2mΓ£ô[22m[39m should select shots via playfield shot box click [33m 1319[2mms[22m[39m
       [33m[2mΓ£ô[22m[39m should handle shot box image load and error events [33m 1126[2mms[22m[39m
       [33m[2mΓ£ô[22m[39m should select left flipper by clicking flipper path [33m 1148[2mms[22m[39m
       [33m[2mΓ£ô[22m[39m should cycle through FLIPPER_L, FLIPPER_R, FLIPPER_BOTH selections [33m 986[2mms[22m[39m
       [33m[2mΓ£ô[22m[39m should highlight flipper columns on hover [33m 760[2mms[22m[39m
       [33m[2mΓ£ô[22m[39m should handle keydown events in shot type menu [33m 1240[2mms[22m[39m
       [33m[2mΓ£ô[22m[39m should open location menu and select different locations [33m 2104[2mms[22m[39m
       [33m[2mΓ£ô[22m[39m should handle recall input focus and keyboard events [33m 605[2mms[22m[39m
       [33m[2mΓ£ô[22m[39m should show recall error for invalid input [33m 860[2mms[22m[39m
       [33m[2mΓ£ô[22m[39m should render practice playfield with selected row [33m 2084[2mms[22m[39m
       [33m[2mΓ£ô[22m[39m should show feedback lines in practice playfield [33m 2304[2mms[22m[39m
       [33m[2mΓ£ô[22m[39m should render green guide lines polygon in practice mode [33m 1277[2mms[22m[39m
       [33m[2mΓ£ô[22m[39m should render yellow feedback lines after incorrect attempt [33m 1753[2mms[22m[39m
       [33m[2mΓ£ô[22m[39m should render scaled metric boxes in fullscreen [33m 2421[2mms[22m[39m
       [33m[2mΓ£ô[22m[39m should reset flipper values using reset buttons [33m 839[2mms[22m[39m
       [33m[2mΓ£ô[22m[39m should display version in info modal [33m 358[2mms[22m[39m
       [33m[2mΓ£ô[22m[39m should strictly increase left values after isotonic correction [33m 2213[2mms[22m[39m
       [33m[2mΓ£ô[22m[39m should strictly decrease right values [33m 616[2mms[22m[39m
       [33m[2mΓ£ô[22m[39m should detect and highlight misordered shots [33m 1259[2mms[22m[39m
       [33m[2mΓ£ô[22m[39m should auto-collapse shot type rows on initial load [33m 440[2mms[22m[39m
       [33m[2mΓ£ô[22m[39m should measure canvas width on mount and resize [33m 1716[2mms[22m[39m
       [33m[2mΓ£ô[22m[39m should calculate box scale based on number of shots [33m 1270[2mms[22m[39m
Not implemented: navigation to another Document
 [32mΓ£ô[39m tests/vitest/integration/edge-cases.test.jsx [2m([22m[2m34 tests[22m[2m)[22m[33m 37418[2mms[22m[39m
       [33m[2mΓ£ô[22m[39m should handle format2 with edge case values [33m 2921[2mms[22m[39m
       [33m[2mΓ£ô[22m[39m should handle formatInitValue edge cases [33m 1767[2mms[22m[39m
       [33m[2mΓ£ô[22m[39m should open shot type menu and select/deselect elements [33m 1655[2mms[22m[39m
       [33m[2mΓ£ô[22m[39m should handle location selection [33m 1115[2mms[22m[39m
       [33m[2mΓ£ô[22m[39m should interact with left flipper slider [33m 758[2mms[22m[39m
       [33m[2mΓ£ô[22m[39m should interact with right flipper slider [33m 720[2mms[22m[39m
       [33m[2mΓ£ô[22m[39m should delete a shot row [33m 1156[2mms[22m[39m
       [33m[2mΓ£ô[22m[39m should insert shot below existing row [33m 903[2mms[22m[39m
       [33m[2mΓ£ô[22m[39m should handle drag reorder buttons [33m 537[2mms[22m[39m
       [33m[2mΓ£ô[22m[39m should select flipper from playfield [33m 449[2mms[22m[39m
       [33m[2mΓ£ô[22m[39m should handle shot box keyboard interactions [33m 490[2mms[22m[39m
       [33m[2mΓ£ô[22m[39m should delete shot from playfield box [33m 935[2mms[22m[39m
       [33m[2mΓ£ô[22m[39m should submit recall attempts [33m 2209[2mms[22m[39m
       [33m[2mΓ£ô[22m[39m should switch between manual and random mode [33m 1298[2mms[22m[39m
       [33m[2mΓ£ô[22m[39m should toggle seeded random checkbox [33m 811[2mms[22m[39m
       [33m[2mΓ£ô[22m[39m should click random refresh button multiple times [33m 2558[2mms[22m[39m
       [33m[2mΓ£ô[22m[39m should toggle all feedback panel checkboxes [33m 1715[2mms[22m[39m
       [33m[2mΓ£ô[22m[39m should enter and exit fullscreen mode [33m 1362[2mms[22m[39m
       [33m[2mΓ£ô[22m[39m should exit fullscreen with Escape key [33m 1348[2mms[22m[39m
       [33m[2mΓ£ô[22m[39m should navigate to recall mode and interact [33m 761[2mms[22m[39m
       [33m[2mΓ£ô[22m[39m should submit final recall values [33m 583[2mms[22m[39m
       [33m[2mΓ£ô[22m[39m should attempt to load presets [33m 534[2mms[22m[39m
       [33m[2mΓ£ô[22m[39m should trigger export button [33m 731[2mms[22m[39m
       [33m[2mΓ£ô[22m[39m should handle window resize events [33m 504[2mms[22m[39m
       [33m[2mΓ£ô[22m[39m should switch flipper selection in manual mode [33m 1379[2mms[22m[39m
       [33m[2mΓ£ô[22m[39m should select different shots in manual mode [33m 1395[2mms[22m[39m
       [33m[2mΓ£ô[22m[39m should handle flipper column header hover [33m 843[2mms[22m[39m
       [33m[2mΓ£ô[22m[39m should handle input focus and blur [33m 1608[2mms[22m[39m
     [33m[2mΓ£ô[22m[39m should close popups on outside click [33m 537[2mms[22m[39m
     [33m[2mΓ£ô[22m[39m should trigger ball animation on recall attempt [33m 2740[2mms[22m[39m
     [33m[2mΓ£ô[22m[39m should handle clicks on practice playfield [33m 786[2mms[22m[39m
[90mstderr[2m | tests/vitest/integration/comprehensive-coverage.test.jsx[2m > [22m[2mApp 
- Maximum Coverage Tests[2m > [22m[2mRandom Mode with Seeded Generator[2m > 
[22m[2mshould use seeded random generator consistently
[22m[39mAn update to App inside a test was not wrapped in act(...).

When testing, code that causes React state updates should be wrapped into act(...):

act(() => {
  /* fire events that update state */
});
/* assert on the output */

This ensures that you're testing the behavior the user would see in the browser. Learn more at 
https://react.dev/link/wrap-tests-with-act

 [32mΓ£ô[39m tests/vitest/integration/targeted-coverage.test.jsx [2m([22m[2m23 tests[22m[2m)[22m[33m 46563[2mms[22m[39m
       [33m[2mΓ£ô[22m[39m should handle format2 with extreme values [33m 4605[2mms[22m[39m
       [33m[2mΓ£ô[22m[39m should handle formatInitValue special cases [33m 1351[2mms[22m[39m
       [33m[2mΓ£ô[22m[39m should handle isotonic regression with all zeros [33m 3448[2mms[22m[39m
       [33m[2mΓ£ô[22m[39m should handle isotonic regression with single non-zero value [33m 2456[2mms[22m[39m
       [33m[2mΓ£ô[22m[39m should trigger isotonic merging when values violate order [33m 2175[2mms[22m[39m
       [33m[2mΓ£ô[22m[39m should return null when no valid range exists [33m 1003[2mms[22m[39m
       [33m[2mΓ£ô[22m[39m should handle range calculation with Not Possible neighbors [33m 1456[2mms[22m[39m
       [33m[2mΓ£ô[22m[39m should calculate flipper top edge for various percentages [33m 1049[2mms[22m[39m
       [33m[2mΓ£ô[22m[39m should calculate edge points at boundary percentages [33m 2185[2mms[22m[39m
       [33m[2mΓ£ô[22m[39m should animate ball from different starting points [33m 1848[2mms[22m[39m
       [33m[2mΓ£ô[22m[39m should handle ball animation skip on various keys [33m 1679[2mms[22m[39m
       [33m[2mΓ£ô[22m[39m should assign correct severity for all error magnitudes [33m 3470[2mms[22m[39m
       [33m[2mΓ£ô[22m[39m should apply drift after specified number of attempts [33m 3452[2mms[22m[39m
       [33m[2mΓ£ô[22m[39m should respect drift bounds around base values [33m 3008[2mms[22m[39m
       [33m[2mΓ£ô[22m[39m should apply initial random offset to hidden values [33m 1641[2mms[22m[39m
       [33m[2mΓ£ô[22m[39m should validate various percent inputs [33m 1854[2mms[22m[39m
       [33m[2mΓ£ô[22m[39m should avoid immediate repeats in random mode [33m 3265[2mms[22m[39m
       [33m[2mΓ£ô[22m[39m should calculate final score based on all shot recalls [33m 1460[2mms[22m[39m
       [33m[2mΓ£ô[22m[39m should snap legacy non-5 values on load [33m 412[2mms[22m[39m
       [33m[2mΓ£ô[22m[39m should calculate arc positions for different shot counts [33m 1209[2mms[22m[39m
       [33m[2mΓ£ô[22m[39m should call onScale when scale changes in fullscreen [33m 1451[2mms[22m[39m
       [33m[2mΓ£ô[22m[39m should calculate chip dimensions based on available width [33m 1952[2mms[22m[39m
 [32mΓ£ô[39m tests/vitest/integration/comprehensive-coverage.test.jsx [2m([22m[2m31 tests[22m[2m)[22m[33m 62273[2mms[22m[39m
       [33m[2mΓ£ô[22m[39m should handle embedded presets in standalone mode [33m 1286[2mms[22m[39m
       [33m[2mΓ£ô[22m[39m should handle embedded images in standalone mode [33m 1216[2mms[22m[39m
       [33m[2mΓ£ô[22m[39m should enforce isotonic ordering on left flipper values [33m 2582[2mms[22m[39m
       [33m[2mΓ£ô[22m[39m should handle right flipper descending order constraints [33m 1328[2mms[22m[39m
       [33m[2mΓ£ô[22m[39m should trigger and skip ball animation on practice attempt [33m 2652[2mms[22m[39m
       [33m[2mΓ£ô[22m[39m should complete ball animation without skip [33m 2755[2mms[22m[39m
       [33m[2mΓ£ô[22m[39m should enter fullscreen and use recall chips [33m 3386[2mms[22m[39m
       [33m[2mΓ£ô[22m[39m should scale recall chips based on window width [33m 2428[2mms[22m[39m
       [33m[2mΓ£ô[22m[39m should complete full recall workflow with all interactions [33m 2628[2mms[22m[39m
       [33m[2mΓ£ô[22m[39m should display final score calculation [33m 698[2mms[22m[39m
       [33m[2mΓ£ô[22m[39m should calculate adjustment penalties correctly [33m 2098[2mms[22m[39m
       [33m[2mΓ£ô[22m[39m should show feedback for adjustment quality [33m 2776[2mms[22m[39m
       [33m[2mΓ£ô[22m[39m should render flipper lines for all selection states [33m 1199[2mms[22m[39m
       [33m[2mΓ£ô[22m[39m should render lines with proper opacity for incomplete shots [33m 613[2mms[22m[39m
       [33m[2mΓ£ô[22m[39m should handle practice playfield shot box clicks [33m 1109[2mms[22m[39m
       [33m[2mΓ£ô[22m[39m should interact with all advanced options [33m 2117[2mms[22m[39m
       [33m[2mΓ£ô[22m[39m should apply drift settings during practice [33m 3489[2mms[22m[39m
       [33m[2mΓ£ô[22m[39m should attempt to load presets from dropdown [33m 566[2mms[22m[39m
       [33m[2mΓ£ô[22m[39m should trigger export functionality [33m 703[2mms[22m[39m
       [33m[2mΓ£ô[22m[39m should show toast when download attempted in non-standalone mode [33m 1125[2mms[22m[39m
       [33m[2mΓ£ô[22m[39m should handle edge cases in computeAllowedRange [33m 3377[2mms[22m[39m
       [33m[2mΓ£ô[22m[39m should select different shots and flippers in manual mode [33m 2527[2mms[22m[39m
       [33m[2mΓ£ô[22m[39m should use seeded random generator consistently [33m 3333[2mms[22m[39m
       [33m[2mΓ£ô[22m[39m should classify all severity levels correctly [33m 3010[2mms[22m[39m
       [33m[2mΓ£ô[22m[39m should toggle all view options and render tables [33m 2824[2mms[22m[39m
       [33m[2mΓ£ô[22m[39m should compute insert values between various configurations [33m 3599[2mms[22m[39m
       [33m[2mΓ£ô[22m[39m should handle canvas resize in practice playfield [33m 1928[2mms[22m[39m
       [33m[2mΓ£ô[22m[39m should display and clear toast messages [33m 493[2mms[22m[39m
       [33m[2mΓ£ô[22m[39m should toggle dark mode in setup, practice, and recall modes [33m 1560[2mms[22m[39m
       [33m[2mΓ£ô[22m[39m should open and interact with info modal in all modes [33m 1469[2mms[22m[39m
       [33m[2mΓ£ô[22m[39m should handle number input validation in recall mode [33m 1393[2mms[22m[39m

[2m Test Files [22m [1m[32m15 passed[39m[22m[90m (15)[39m
[2m      Tests [22m [1m[32m239 passed[39m[22m[90m (239)[39m
[2m   Start at [22m 23:39:48
[2m   Duration [22m 67.40s[2m (transform 2.50s, setup 12.24s, import 14.09s, tests 286.85s, environment 40.04s)[22m

